error: DerefMut cannot be derived on field-less structs
 --> tests/deref_mut_derive/invalid_item_fail.rs:3:10
  |
3 | #[derive(DerefMut)]
  |          ^^^^^^^^
  |
  = note: this error originates in the derive macro `DerefMut` (in Nightly builds, run with -Z macro-backtrace for more info)

error: DerefMut can only be derived on structs
 --> tests/deref_mut_derive/invalid_item_fail.rs:7:10
  |
7 | #[derive(DerefMut)]
  |          ^^^^^^^^
  |
  = note: this error originates in the derive macro `DerefMut` (in Nightly builds, run with -Z macro-backtrace for more info)

error: aborting due to 2 previous errors

