error: DerefMut cannot be derived on field-less structs
 --> tests/deref_mut_derive/invalid_item.fail.rs:3:10
  |
3 | #[derive(DerefMut)]
  |          ^^^^^^^^
  |
  = note: this error originates in the derive macro `DerefMut` (in Nightly builds, run with -Z macro-backtrace for more info)

error: DerefMut can only be derived on structs
 --> tests/deref_mut_derive/invalid_item.fail.rs:6:10
  |
6 | #[derive(DerefMut)]
  |          ^^^^^^^^
  |
  = note: this error originates in the derive macro `DerefMut` (in Nightly builds, run with -Z macro-backtrace for more info)
