error: deriving DerefMut on multi-field structs requires one field to have the `#[deref]` attribute
  --> tests/deref_mut_derive/missing_attribute_fail.rs:LL:CC
   |
LL | #[derive(DerefMut)]
   |          ^^^^^^^^
   |
  = note: this error originates in the derive macro `DerefMut` (in Nightly builds, run with -Z macro-backtrace for more info)

error: deriving DerefMut on multi-field structs requires one field to have the `#[deref]` attribute
  --> tests/deref_mut_derive/missing_attribute_fail.rs:LL:CC
   |
LL | #[derive(DerefMut)]
   |          ^^^^^^^^
   |
   = note: this error originates in the derive macro `DerefMut` (in Nightly builds, run with -Z macro-backtrace for more info)

error: aborting due to 2 previous errors
