error[E0499]: cannot borrow `query` as mutable more than once at a time
  --> tests/ui/system_query_iter_lifetime_safety.rs:LL:CC
   |
LL |     let mut iter = query.iter_mut();
   |                    ----- first mutable borrow occurs here
...
LL |     let mut iter2 = query.iter_mut();
   |                     ^^^^^ second mutable borrow occurs here
...
LL |     println!("{}", a.0);
   |                    --- first borrow later used here

error: aborting due to 1 previous error

For more information about this error, try `rustc --explain E0499`.
