---
source: tests/test.rs
expression: "TestGlsl::glsl_definition()"

---
struct TestGlsl {
	vec3 foo[8][4];
};
