error[E0277]: the trait bound `&mut A: ReadOnlyWorldQuery` is not satisfied
  --> tests/ui/query_iter_many_mut_iterator_safety.rs:10:17
   |
10 |     is_iterator(iter)
   |     ----------- ^^^^ the trait `ReadOnlyWorldQuery` is not implemented for `&mut A`
   |     |
   |     required by a bound introduced by this call
   |
   = help: the following other types implement trait `ReadOnlyWorldQuery`:
             &T
             ()
             (F0, F1)
             (F0, F1, F2)
             (F0, F1, F2, F3)
             (F0, F1, F2, F3, F4)
             (F0, F1, F2, F3, F4, F5)
             (F0, F1, F2, F3, F4, F5, F6)
           and 49 others
   = note: `ReadOnlyWorldQuery` is implemented for `&A`, but not for `&mut A`
   = note: required because of the requirements on the impl of `Iterator` for `QueryManyIter<'_, '_, &mut A, (), std::array::IntoIter<bevy_ecs::entity::Entity, 1_usize>>`
note: required by a bound in `is_iterator`
  --> tests/ui/query_iter_many_mut_iterator_safety.rs:13:19
   |
13 | fn is_iterator<T: Iterator>(_iter: T) {}
   |                   ^^^^^^^^ required by this bound in `is_iterator`
